PRT2
105
99
215
4 0 3 (1664 12 256 ) (1664 12 192 ) (1664 -628 192 ) (1664 -628 256 ) 
4 0 2 (1664 12 339.19999999999726 ) (1664 12 256 ) (1664 -628 256 ) (1664 -628 339.19999999999726 ) 
4 0 1 (1792 -628 192 ) (1664 -628 192 ) (1664 -148 192 ) (1792 -148 192 ) 
4 1 3 (1664 -372 160 ) (1664 -628 160 ) (1664 -628 192 ) (1664 -148 192 ) 
4 2 10 (1440 -128 256 ) (1440 -308 256 ) (1440 -308 288 ) (1440 -128 288 ) 
4 2 9 (1600 -500 256 ) (1600 -628 256 ) (1440 -628 256 ) (1440 -500 256 ) 
4 2 8 (1600 -436 256 ) (1600 -500 256 ) (1440 -500 256 ) (1440 -436 256 ) 
4 2 7 (1536 -116 256 ) (1536 -436 256 ) (1440 -436 256 ) (1440 -116 256 ) 
4 2 6 (1440 12 256 ) (1536 12 256 ) (1536 -84 256 ) (1440 -84 256 ) 
4 2 5 (1536 12 256 ) (1600 12 256 ) (1600 -436 256 ) (1536 -436 256 ) 
4 2 4 (1632 -116 256 ) (1632 -628 256 ) (1600 -628 256 ) (1600 -116 256 ) 
4 2 3 (1632 12 256 ) (1664 12 256 ) (1664 -628 256 ) (1632 -628 256 ) 
4 3 4 (1632 -628 160 ) (1632 -628 256 ) (1632 -116 256 ) (1632 -116 160 ) 
4 4 9 (1600 -628 160 ) (1600 -628 256 ) (1600 -500 256 ) (1600 -500 160 ) 
4 4 8 (1600 -500 256 ) (1600 -436 256 ) (1600 -436 224 ) (1600 -500 224 ) 
4 4 5 (1600 -436 256 ) (1600 -116 256 ) (1600 -116 160 ) (1600 -436 160 ) 
4 5 8 (1600 -436 224 ) (1600 -436 256 ) (1536 -436 256 ) (1536 -436 224 ) 
4 5 7 (1536 -436 160 ) (1536 -436 256 ) (1536 -116 256 ) (1536 -116 160 ) 
4 5 6 (1536 -84 256 ) (1536 12 256 ) (1536 12 160 ) (1536 -84 160 ) 
4 7 10 (1440 -128 160 ) (1440 -308 160 ) (1440 -308 256 ) (1440 -128 256 ) 
4 7 8 (1536 -436 224 ) (1536 -436 256 ) (1440 -436 256 ) (1440 -436 224 ) 
4 8 9 (1600 -500 224 ) (1600 -500 256 ) (1440 -500 256 ) (1440 -500 224 ) 
4 10 13 (1408 -308 288 ) (1408 -128 288 ) (1408 -128 149.3333333333334 ) (1408 -308 149.3333333333334 ) 
4 11 12 (1440 -308 159.19999999999996 ) (1438.2857142857142 -308 158.2857142857142 ) (1412.5714285714291 -128 132.57142857142918 ) (1440 -128 147.2000000000002 ) 
4 12 16 (1408 -128 128 ) (1408 -308 128 ) (1408 -308 142.13333333333333 ) (1408 -128 130.13333333333335 ) 
4 13 31 (1344 -372 128 ) (1408 -372 149.3333333333334 ) (1408 -372 608 ) (1344 -372 608 ) 
4 13 29 (1408 -372 640 ) (1408 -372 864 ) (1344 -372 864 ) (1344 -372 640 ) 
4 13 27 (1344 12 128 ) (1344 -372 128 ) (1344 -372 864 ) (1344 12 864 ) 
4 13 19 (1344 332 128 ) (1344 238.27416997969533 128 ) (1344 238.27416997969547 864 ) (1344 332 864 ) 
4 13 18 (1344 105.72583002030461 128 ) (1344 12 128 ) (1344 12 864 ) (1344 105.72583002030473 864 ) 
4 13 17 (1344 972 128 ) (1344 332 128 ) (1344 332 864 ) (1344 972 864 ) 
4 13 15 (1344 -128 128 ) (1344 972 128 ) (1408 972 149.33333333333326 ) (1408 -128 149.3333333333333 ) 
4 13 14 (1344 -372 128 ) (1344 -320 128 ) (1408 -320 149.3333333333333 ) (1408 -372 149.3333333333333 ) 
4 14 31 (1344 -372 128 ) (1396 -372 128 ) (1408 -372 132 ) (1408 -372 149.3333333333334 ) 
4 14 16 (1408 -336 144 ) (1408 -372 132 ) (1396 -372 128 ) (1376 -352 128 ) 
3 16 31 (1396 -372 128 ) (1408 -372 128 ) (1408 -372 132 ) 
4 17 28 (1024 332 128 ) (1088 332 128 ) (1088 332 864 ) (1024 332 864 ) 
4 17 25 (1088 332 128 ) (1162.9806640162462 332 128 ) (1162.9806640162462 332 864 ) (1088 332 864 ) 
4 17 22 (1162.9806640162462 332 128 ) (1269.0193359837563 332 128 ) (1269.0193359837563 332 256 ) (1162.9806640162462 332 256 ) 
4 17 20 (1269.0193359837563 332 128 ) (1328 332 128 ) (1328 332 864 ) (1269.0193359837563 332 864 ) 
4 17 19 (1328 332 128 ) (1344 332 128 ) (1344 332 864 ) (1328 332 864 ) 
4 18 27 (1269.0193359837563 12 128 ) (1344 12 128 ) (1344 12 864 ) (1269.0193359837563 12 864 ) 
4 19 20 (1328 332 864 ) (1328 332 128 ) (1328 258.2741699796955 128 ) (1328 258.2741699796955 864 ) 
4 21 24 (1216 221.68665215495818 128 ) (1291.1655730226819 65.29529324838789 128 ) (1291.1655730226819 65.29529324838785 864 ) (1216 221.68665215495827 864 ) 
4 21 23 (1261.3293384239712 316 128 ) (1216 221.68665215495798 128 ) (1216 221.68665215495793 864 ) (1261.3293384239712 316 864 ) 
4 22 23 (1170.6706615760309 316 256 ) (1170.6706615760309 316 128 ) (1261.329338423971 316 128 ) (1261.329338423971 316 256 ) 
4 23 24 (1170.6706615760309 316 128 ) (1216 221.68665215495818 128 ) (1216 221.68665215495827 864 ) (1170.6706615760309 316 864 ) 
4 25 28 (1088 332 864 ) (1088 332 128 ) (1088 238.27416997969533 128 ) (1088 238.27416997969533 864 ) 
4 26 28 (1088 105.7258300203048 128 ) (1088 12 128 ) (1088 12 864 ) (1088 105.7258300203048 864 ) 
4 26 27 (1088 12 864 ) (1088 12 128 ) (1162.9806640162437 12 128 ) (1162.9806640162437 12 864 ) 
4 27 31 (1088 -372 128 ) (1344 -372 128 ) (1344 -372 608 ) (1088 -372 608 ) 
4 27 29 (1344 -372 640 ) (1344 -372 864 ) (1088 -372 864 ) (1088 -372 640 ) 
4 27 28 (1088 12 128 ) (1088 -372 128 ) (1088 -372 864 ) (1088 12 864 ) 
4 28 70 (1024 172 128 ) (1024 -84 128 ) (1024 -84 480 ) (1024 172 480 ) 
4 28 66 (1024 -372 128 ) (1088 -372 128 ) (1088 -372 608 ) (1024 -372 608 ) 
4 28 65 (1088 -372 640 ) (1088 -372 864 ) (1024 -372 864 ) (1024 -372 640 ) 
4 29 65 (1088 -372 864 ) (1088 -372 640 ) (1088 -468 640 ) (1088 -468 864 ) 
4 29 61 (1088 -468 864 ) (1088 -468 640 ) (1120 -468 640 ) (1120 -468 864 ) 
4 29 60 (1120 -468 640 ) (1162.9806640162437 -468 640 ) (1162.9806640162437 -468 864 ) (1120 -468 864 ) 
4 29 33 (1269.0193359837563 -468 640 ) (1344 -468 640 ) (1344 -468 864 ) (1269.0193359837563 -468 864 ) 
4 29 32 (1344 -468 640 ) (1408 -468 640 ) (1408 -468 864 ) (1344 -468 864 ) 
4 29 30 (1408 -468 640 ) (1120 -468 640 ) (1120 -462 640 ) (1408 -462 640 ) 
4 30 60 (1120 -468 608 ) (1162.9806640162437 -468 608 ) (1162.9806640162437 -468 640 ) (1120 -468 640 ) 
4 30 33 (1269.0193359837563 -468 608 ) (1344 -468 608 ) (1344 -468 640 ) (1269.0193359837563 -468 640 ) 
4 30 32 (1344 -468 608 ) (1408 -468 608 ) (1408 -468 640 ) (1344 -468 640 ) 
4 30 31 (1408 -468 608 ) (1120 -468 608 ) (1120 -462 608 ) (1408 -462 608 ) 
4 31 66 (1088 -372 608 ) (1088 -372 128 ) (1088 -468 128 ) (1088 -468 608 ) 
4 31 62 (1088 -468 608 ) (1088 -468 128 ) (1120 -468 128 ) (1120 -468 608 ) 
4 31 60 (1120 -468 128 ) (1162.9806640162437 -468 128 ) (1162.9806640162437 -468 608 ) (1120 -468 608 ) 
4 31 33 (1269.0193359837563 -468 128 ) (1344 -468 128 ) (1344 -468 608 ) (1269.0193359837563 -468 608 ) 
4 31 32 (1344 -468 128 ) (1408 -468 128 ) (1408 -468 608 ) (1344 -468 608 ) 
4 32 64 (1344 -1028 128 ) (1408 -1028 128 ) (1408 -1028 608 ) (1344 -1028 608 ) 
4 32 63 (1408 -1028 640 ) (1408 -1028 864 ) (1344 -1028 864 ) (1344 -1028 640 ) 
4 32 35 (1344 -694.2741699796957 128 ) (1344 -1028 128 ) (1344 -1028 340.3636363636364 ) (1344 -694.2741699796957 340.3636363636364 ) 
4 32 34 (1344 -1028 340.3636363636364 ) (1344 -1028 864 ) (1344 -694.2741699796954 864 ) (1344 -694.2741699796953 340.3636363636364 ) 
4 32 33 (1344 -468 864 ) (1344 -468 128 ) (1344 -561.7258300203048 128 ) (1344 -561.7258300203048 864 ) 
4 34 64 (1344 -1028 340.3636363636364 ) (1344 -1028 608 ) (1328 -1028 608 ) (1328 -1028 340.3636363636364 ) 
4 34 63 (1344 -1028 640 ) (1344 -1028 864 ) (1328 -1028 864 ) (1328 -1028 640 ) 
4 34 36 (1328 -714.2741699796956 340.3636363636364 ) (1328 -1028 340.3636363636364 ) (1328 -1028 864 ) (1328 -714.2741699796954 864 ) 
4 34 35 (1328 -1028 340.3636363636364 ) (1328 -714.2741699796956 340.3636363636364 ) (1344 -694.2741699796953 340.3636363636364 ) (1344 -1028 340.3636363636364 ) 
4 35 64 (1328 -1028 128 ) (1344 -1028 128 ) (1344 -1028 340.3636363636364 ) (1328 -1028 340.3636363636364 ) 
4 35 55 (1328 -933.9341427409407 128 ) (1328 -1028 128 ) (1328 -1028 340.3636363636364 ) (1328 -933.9341427409407 340.3636363636364 ) 
4 35 54 (1328 -714.2741699796957 128 ) (1328 -933.9341427409407 128 ) (1328 -933.9341427409407 340.3636363636364 ) (1328 -714.2741699796957 340.3636363636364 ) 
4 36 64 (1252 -1028 340.3636363636364 ) (1328 -1028 340.3636363636364 ) (1328 -1028 608 ) (1252 -1028 608 ) 
4 36 63 (1328 -1028 640 ) (1328 -1028 864 ) (1252 -1028 864 ) (1252 -1028 640 ) 
5 36 55 (1328 -933.9341427409407 340.3636363636364 ) (1328 -1028 340.3636363636364 ) (1252 -1028 340.3636363636364 ) (1252 -809.2741699796956 340.3636363636364 ) (1269.0193359837563 -788 340.3636363636364 ) 
3 36 54 (1328 -714.2741699796957 340.3636363636364 ) (1328 -933.9341427409407 340.3636363636364 ) (1269.0193359837563 -788 340.3636363636364 ) 
4 36 53 (1252 -809.2741699796956 340.3636363636364 ) (1252 -1028 340.3636363636364 ) (1252 -1028 608 ) (1252 -809.2741699796956 608 ) 
4 36 52 (1252 -1028 640 ) (1252 -1028 864 ) (1252 -809.2741699796956 864 ) (1252 -809.2741699796956 640 ) 
4 36 38 (1269.0193359837563 -788 340.3636363636364 ) (1252 -809.2741699796954 340.3636363636364 ) (1252 -809.2741699796954 864 ) (1269.0193359837563 -788 864 ) 
6 37 56 (1328 -572.0976751995438 340.3636363636364 ) (1328 -683.9023248004459 340.3636363636364 ) (1263.007574126077 -765.1428571428513 340.3636363636364 ) (1252 -765.1428571428513 340.3636363636364 ) (1252 -490.85714285714226 340.3636363636364 ) (1263.0075741260766 -490.85714285714226 340.3636363636364 ) 
4 37 49 (1252 -724 340.3636363636364 ) (1252 -765.1428571428513 340.3636363636364 ) (1252 -765.1428571428513 608 ) (1252 -724 608 ) 
4 37 48 (1252 -765.1428571428513 640 ) (1252 -765.1428571428513 864 ) (1252 -724 864 ) (1252 -724 640 ) 
4 37 45 (1252 -692 340.3636363636364 ) (1252 -724 340.3636363636364 ) (1252 -724 608 ) (1252 -692 608 ) 
4 37 44 (1252 -724 608 ) (1252 -724 640 ) (1252 -692 640 ) (1252 -692 608 ) 
4 37 43 (1252 -724 640 ) (1252 -724 864 ) (1252 -692 864 ) (1252 -692 640 ) 
4 37 39 (1252 -490.85714285714226 340.3636363636364 ) (1252 -692 340.3636363636364 ) (1252 -692 864 ) (1252 -490.85714285714226 864 ) 
3 38 55 (1269.0193359837565 -788 340.3636363636364 ) (1252 -809.2741699796956 340.3636363636364 ) (1252 -788 340.3636363636364 ) 
4 38 53 (1252 -788 340.3636363636364 ) (1252 -809.2741699796956 340.3636363636364 ) (1252 -809.2741699796956 608 ) (1252 -788 608 ) 
4 38 52 (1252 -809.2741699796956 640 ) (1252 -809.2741699796956 864 ) (1252 -788 864 ) (1252 -788 640 ) 
5 39 56 (1252 -490.85714285714226 340.3636363636364 ) (1252 -692 340.3636363636364 ) (1120 -692 340.3636363636364 ) (1120 -552.0976751995441 340.3636363636364 ) (1168.9924258739231 -490.85714285714226 340.3636363636364 ) 
4 39 45 (1120 -692 340.3636363636364 ) (1252 -692 340.3636363636364 ) (1252 -692 608 ) (1120 -692 608 ) 
4 39 44 (1252 -692 608 ) (1252 -692 640 ) (1120 -692 640 ) (1120 -692 608 ) 
4 39 43 (1252 -692 640 ) (1252 -692 864 ) (1120 -692 864 ) (1120 -692 640 ) 
4 39 42 (1120 -552.097675199544 340.3636363636364 ) (1120 -692 340.3636363636364 ) (1120 -692 608 ) (1120 -552.097675199544 608 ) 
4 39 41 (1120 -692 608 ) (1120 -692 640 ) (1120 -564 640 ) (1120 -564 608 ) 
4 39 40 (1120 -692 640 ) (1120 -692 864 ) (1120 -552.097675199544 864 ) (1120 -552.097675199544 640 ) 
4 40 43 (1120 -692 640 ) (1120 -692 864 ) (1110.4781401596429 -692 864 ) (1110.4781401596429 -692 640 ) 
6 40 41 (1120 -564 640 ) (1120 -692 640 ) (1110.478140159643 -692 640 ) (1104 -683.9023248004462 640 ) (1104 -572.0976751995438 640 ) (1110.4781401596351 -564 640 ) 
6 41 42 (1120 -564 608 ) (1120 -692 608 ) (1110.478140159643 -692 608 ) (1104 -683.9023248004462 608 ) (1104 -572.0976751995438 608 ) (1110.4781401596351 -564 608 ) 
5 42 56 (1120 -552.0976751995441 340.3636363636364 ) (1120 -692 340.3636363636364 ) (1110.4781401596429 -692 340.3636363636364 ) (1104 -683.9023248004462 340.3636363636364 ) (1104 -572.0976751995437 340.3636363636364 ) 
4 42 45 (1110.4781401596429 -692 340.3636363636364 ) (1120 -692 340.3636363636364 ) (1120 -692 608 ) (1110.4781401596429 -692 608 ) 
4 43 48 (1252 -724 640 ) (1252 -724 864 ) (1136.0781401596428 -724 864 ) (1136.0781401596428 -724 640 ) 
5 43 44 (1252 -724 640 ) (1136.0781401596428 -724 640 ) (1120 -703.9023248004464 640 ) (1120 -692 640 ) (1252 -692 640 ) 
5 44 45 (1252 -724 608 ) (1136.0781401596428 -724 608 ) (1120 -703.9023248004464 608 ) (1120 -692 608 ) (1252 -692 608 ) 
4 45 56 (1252 -692 340.3636363636364 ) (1252 -724 340.3636363636364 ) (1136.0781401596428 -724 340.3636363636364 ) (1110.4781401596429 -692 340.3636363636364 ) 
4 45 49 (1136.0781401596428 -724 340.3636363636364 ) (1252 -724 340.3636363636364 ) (1252 -724 608 ) (1136.0781401596428 -724 608 ) 
4 46 65 (1088 -724 864 ) (1088 -694.2741699796953 864 ) (1088 -694.2741699796953 640 ) (1088 -724 640 ) 
4 46 50 (1088 -724 864 ) (1088 -724 640 ) (1111.7806640162437 -724 640 ) (1111.7806640162437 -724 864 ) 
4 47 66 (1088 -694.2741699796953 608 ) (1088 -694.2741699796953 340.3636363636364 ) (1088 -724 340.3636363636364 ) (1088 -724 608 ) 
4 47 59 (1104 -724 340.3636363636364 ) (1088 -724 340.3636363636364 ) (1088 -694.2741699796953 340.3636363636364 ) (1104 -714.2741699796953 340.3636363636364 ) 
3 47 58 (1111.7806640162437 -724 340.3636363636364 ) (1104 -724 340.3636363636364 ) (1104 -714.2741699796953 340.3636363636364 ) 
4 47 51 (1088 -724 608 ) (1088 -724 340.3636363636364 ) (1111.7806640162437 -724 340.3636363636364 ) (1111.7806640162437 -724 608 ) 
4 49 56 (1252 -724 340.3636363636364 ) (1252 -765.1428571428513 340.3636363636364 ) (1168.9924258739231 -765.1428571428513 340.3636363636364 ) (1136.0781401596428 -724 340.3636363636364 ) 
4 50 65 (1088 -788 864 ) (1088 -724 864 ) (1088 -724 640 ) (1088 -788 640 ) 
4 50 52 (1088 -788 864 ) (1088 -788 640 ) (1162.9806640162437 -788 640 ) (1162.9806640162437 -788 864 ) 
4 51 66 (1088 -724 608 ) (1088 -724 340.3636363636364 ) (1088 -788 340.3636363636364 ) (1088 -788 608 ) 
4 51 59 (1104 -788 340.3636363636364 ) (1088 -788 340.3636363636364 ) (1088 -724 340.3636363636364 ) (1104 -724 340.3636363636364 ) 
4 51 58 (1162.9806640162437 -788 340.3636363636364 ) (1104 -788 340.3636363636364 ) (1104 -724 340.3636363636364 ) (1111.7806640162437 -724 340.3636363636364 ) 
4 51 53 (1088 -788 608 ) (1088 -788 340.3636363636364 ) (1162.9806640162437 -788 340.3636363636364 ) (1162.9806640162437 -788 608 ) 
4 52 65 (1088 -1028 640 ) (1088 -1028 864 ) (1088 -788 864 ) (1088 -788 640 ) 
4 52 63 (1088 -1028 864 ) (1088 -1028 640 ) (1252 -1028 640 ) (1252 -1028 864 ) 
4 53 66 (1088 -1028 340.3636363636364 ) (1088 -1028 608 ) (1088 -788 608 ) (1088 -788 340.3636363636364 ) 
4 53 64 (1088 -1028 608 ) (1088 -1028 340.3636363636364 ) (1252 -1028 340.3636363636364 ) (1252 -1028 608 ) 
4 53 59 (1104 -1028 340.3636363636364 ) (1088 -1028 340.3636363636364 ) (1088 -788 340.3636363636364 ) (1104 -788 340.3636363636364 ) 
4 53 58 (1104 -967.5150709157132 340.3636363636364 ) (1104 -788 340.3636363636364 ) (1162.9806640162437 -788 340.3636363636364 ) (1205.2963603744072 -840.8946204477044 340.3636363636364 ) 
4 53 57 (1162.9806640162437 -788 340.3636363636364 ) (1184.38794326743 -788 340.3636363636364 ) (1216 -827.515070915713 340.3636363636364 ) (1205.2963603744072 -840.8946204477044 340.3636363636364 ) 
3 53 56 (1184.38794326743 -788 340.3636363636364 ) (1247.6120567325706 -788 340.3636363636364 ) (1216 -827.515070915713 340.3636363636364 ) 
5 53 55 (1252 -788 340.3636363636364 ) (1252 -1028 340.3636363636364 ) (1104 -1028 340.3636363636364 ) (1104 -967.5150709157132 340.3636363636364 ) (1247.6120567325706 -788 340.3636363636364 ) 
4 54 55 (1269.0193359837563 -788 128 ) (1328 -933.9341427409404 128 ) (1328 -933.9341427409404 340.3636363636364 ) (1269.0193359837563 -788 340.3636363636364 ) 
4 55 64 (1104 -1028 128 ) (1328 -1028 128 ) (1328 -1028 340.3636363636364 ) (1104 -1028 340.3636363636364 ) 
4 55 59 (1104 -1028 128 ) (1104 -1028 340.3636363636364 ) (1104 -967.5150709157132 340.3636363636364 ) (1104 -967.5150709157133 128 ) 
4 55 58 (1104 -967.5150709157122 128 ) (1104 -967.5150709157122 340.3636363636364 ) (1205.2963603744067 -840.8946204477039 340.3636363636364 ) (1205.2963603744067 -840.8946204477039 128 ) 
4 55 57 (1205.2963603744067 -840.8946204477039 340.3636363636364 ) (1216 -827.5150709157125 340.3636363636364 ) (1216 -827.5150709157125 128 ) (1205.2963603744067 -840.8946204477039 128 ) 
4 55 56 (1216 -827.5150709157125 340.3636363636364 ) (1261.8342789547926 -770.222222222222 340.3636363636364 ) (1261.8342789547926 -770.222222222222 128 ) (1216 -827.5150709157125 128 ) 
4 56 57 (1170.1657210452076 -770.2222222222224 128 ) (1216 -827.5150709157131 128 ) (1216 -827.5150709157131 340.3636363636364 ) (1170.1657210452076 -770.2222222222224 340.3636363636364 ) 
4 57 58 (1162.9806640162435 -788 128 ) (1205.2963603744072 -840.8946204477045 128 ) (1205.2963603744072 -840.8946204477045 340.3636363636364 ) (1162.9806640162435 -788 340.3636363636364 ) 
4 58 59 (1104 -967.5150709157132 340.3636363636364 ) (1104 -714.2741699796954 340.3636363636364 ) (1104 -714.2741699796954 128 ) (1104 -967.5150709157133 128 ) 
4 59 66 (1088 -694.2741699796953 128 ) (1088 -1028 128 ) (1088 -1028 340.3636363636364 ) (1088 -694.2741699796954 340.3636363636364 ) 
4 59 64 (1088 -1028 340.3636363636364 ) (1088 -1028 128 ) (1104 -1028 128 ) (1104 -1028 340.3636363636364 ) 
4 60 62 (1120 -468 608 ) (1120 -468 128 ) (1120 -521.7258300203046 128 ) (1120 -521.7258300203046 608 ) 
4 60 61 (1120 -468 864 ) (1120 -468 640 ) (1120 -521.7258300203046 640 ) (1120 -521.7258300203046 864 ) 
4 61 65 (1088 -561.7258300203048 640 ) (1088 -561.7258300203048 864 ) (1088 -468 864 ) (1088 -468 640 ) 
4 62 66 (1088 -468 128 ) (1088 -561.7258300203049 128 ) (1088 -561.7258300203048 608 ) (1088 -468 608 ) 
4 63 65 (1088 -1268 640 ) (1088 -1268 864 ) (1088 -1028 864 ) (1088 -1028 640 ) 
4 64 66 (1088 -1028 128 ) (1088 -1268 128 ) (1088 -1268 608 ) (1088 -1028 608 ) 
4 65 68 (1024 -436 736 ) (1024 -436 640 ) (1024 -532 640 ) (1024 -532 736 ) 
4 67 73 (448 -436 640 ) (448 172 640 ) (768 172 640 ) (768 -436 640 ) 
4 67 72 (928 -436 640 ) (768 -436 640 ) (768 -432 640 ) (928 -432 640 ) 
4 67 71 (768 172 640 ) (928 172 640 ) (928 -432 640 ) (768 -432 640 ) 
4 67 69 (448 -436 768 ) (448 -436 640 ) (988 -436 640 ) (988 -436 768 ) 
4 68 69 (988 -436 736 ) (988 -436 640 ) (988 -532 640 ) (988 -532 736 ) 
4 69 76 (448 -524.6153846153865 640 ) (448 -436 640 ) (928 -436 640 ) (928 -524.6153846153865 640 ) 
5 70 78 (992 65.33333333333336 128 ) (992 -84 128 ) (992 -84 352 ) (992 172 352 ) (992 172 234.66666666666663 ) 
3 70 77 (992 172 128 ) (992 65.33333333333336 128 ) (992 172 234.66666666666663 ) 
4 70 74 (992 -84 352 ) (992 -84 480 ) (992 172 480 ) (992 172 352 ) 
4 71 73 (768 -432 639.3535353535352 ) (768 -432 640 ) (768 172 640 ) (768 172 639.3535353535352 ) 
4 71 72 (768 -432 640 ) (768 -432 639.3535353535352 ) (928 -432 639.3535353535352 ) (928 -432 640 ) 
4 72 76 (768 -436 628.1481481481455 ) (912.197530864194 -436 628.1481481481455 ) (928 -436 640 ) (768 -436 640 ) 
4 72 74 (928 -436 628.1481481481455 ) (768 -436 628.1481481481455 ) (768 -432 628.1481481481455 ) (928 -432 628.1481481481455 ) 
4 72 73 (768 -432 628.1481481481455 ) (768 -436 628.1481481481455 ) (768 -436 640 ) (768 -432 640 ) 
4 73 76 (448 -436 640 ) (448 -436 628.1481481481455 ) (768 -436 628.1481481481455 ) (768 -436 640 ) 
4 73 74 (768 -436 628.1481481481455 ) (448 -436 628.1481481481455 ) (448 172 628.1481481481455 ) (768 172 628.1481481481455 ) 
4 74 79 (544 -340 352 ) (992 -340 352 ) (992 -436 352 ) (544 -436 352 ) 
5 74 78 (448 -340 352 ) (448 108 352 ) (640 172 352 ) (992 172 352 ) (992 -340 352 ) 
3 74 77 (448 108 352 ) (448 172 352 ) (640 172 352 ) 
4 74 76 (448 -436 628.1481481481455 ) (448 -436 352 ) (544 -436 352 ) (912.197530864194 -436 628.1481481481455 ) 
4 74 75 (928 -436 352 ) (992 -436 352 ) (992 -436 628.1481481481455 ) (928 -436 628.1481481481455 ) 
4 77 82 (448 -84 160 ) (448 -20 224 ) (448 172 224 ) (448 172 160 ) 
4 77 81 (448 -20 224 ) (448 108 352 ) (448 172 352 ) (448 172 224 ) 
6 77 78 (992 65.33333333333366 128 ) (992 172 234.6666666666664 ) (640 172 352 ) (448 108 352 ) (448 -84 160 ) (544 -84 128 ) 
3 78 82 (448 -20 224 ) (448 -84 160 ) (448 -84 224 ) 
4 78 81 (448 -84 352 ) (448 108 352 ) (448 -20 224 ) (448 -84 224 ) 
4 78 80 (448 -340 320 ) (448 -340 128 ) (544 -340 128 ) (544 -340 320 ) 
4 78 79 (928 -340 128 ) (992 -340 128 ) (992 -340 352 ) (544 -340 352 ) 
4 81 90 (64 12 256 ) (64 108 256 ) (64 108 224 ) (64 12 224 ) 
4 81 86 (192 -84 224 ) (64 -84 224 ) (64 172 224 ) (192 172 224 ) 
4 81 85 (256 -84 224 ) (192 -84 224 ) (192 68 224 ) (256 68 224 ) 
4 81 84 (360 -84 224 ) (256 -84 224 ) (256 172 224 ) (360 172 224 ) 
4 81 83 (360 6 224 ) (360 172 224 ) (424 172 224 ) (424 6 224 ) 
4 81 82 (448 -84 224 ) (424 -84 224 ) (424 172 224 ) (448 172 224 ) 
4 82 83 (424 6 224 ) (424 172 224 ) (424 172 160 ) (424 6 160 ) 
4 83 84 (360 6 224 ) (360 172 224 ) (360 172 160 ) (360 6 160 ) 
4 84 85 (256 -84 160 ) (256 -84 224 ) (256 68 224 ) (256 68 160 ) 
4 85 86 (192 -84 160 ) (192 -84 224 ) (192 68 224 ) (192 68 160 ) 
4 86 90 (64 108 160 ) (64 12 160 ) (64 12 224 ) (64 108 224 ) 
4 87 89 (288 -372 160 ) (416 -372 160 ) (416 -372 352 ) (288 -372 352 ) 
4 87 88 (288 -116 352 ) (288 -116 160 ) (288 -340 160 ) (288 -340 352 ) 
4 88 91 (64 -116 160 ) (64 -212 160 ) (64 -212 256 ) (64 -116 256 ) 
4 90 93 (32 108 160 ) (32 12 160 ) (32 12 224 ) (32 108 224 ) 
4 90 92 (32 12 224 ) (32 12 256 ) (32 108 256 ) (32 108 224 ) 
4 91 94 (32 -116 160 ) (32 -212 160 ) (32 -212 224 ) (32 -116 224 ) 
4 91 92 (32 -212 224 ) (32 -212 256 ) (32 -116 256 ) (32 -116 224 ) 
4 92 98 (-160 -340 224 ) (-192 -340 224 ) (-192 140 224 ) (-160 140 224 ) 
4 92 97 (-96 -340 224 ) (-160 -340 224 ) (-160 -244 224 ) (-96 -244 224 ) 
4 92 96 (-160 -116 224 ) (-160 140 224 ) (-96 140 224 ) (-96 -116 224 ) 
4 92 95 (-62 -340 224 ) (-96 -340 224 ) (-96 140 224 ) (-62 140 224 ) 
4 92 94 (32 -340 224 ) (-62 -340 224 ) (-62 -52 224 ) (32 -52 224 ) 
4 92 93 (-62 12 224 ) (-62 140 224 ) (32 140 224 ) (32 12 224 ) 
4 93 95 (-62 12 224 ) (-62 140 224 ) (-62 140 160 ) (-62 12 160 ) 
4 94 95 (-62 -340 160 ) (-62 -340 224 ) (-62 -52 224 ) (-62 -52 160 ) 
4 95 97 (-96 -340 160 ) (-96 -340 224 ) (-96 -244 224 ) (-96 -244 160 ) 
4 95 96 (-96 -116 224 ) (-96 140 224 ) (-96 140 160 ) (-96 -116 160 ) 
4 96 98 (-160 -116 224 ) (-160 140 224 ) (-160 140 160 ) (-160 -116 160 ) 
4 97 98 (-160 -340 160 ) (-160 -340 224 ) (-160 -244 224 ) (-160 -244 160 ) 
0 1 2 -1
3 -1
4 -1
5 -1
6 -1
7 -1
8 -1
9 -1
10 -1
11 -1
12 -1
13 -1
14 -1
15 -1
16 -1
17 -1
18 -1
19 -1
20 -1
21 -1
22 -1
23 -1
24 -1
25 -1
26 -1
27 -1
28 -1
29 -1
30 -1
31 -1
32 -1
33 -1
34 -1
35 -1
36 -1
37 -1
38 -1
39 -1
40 -1
41 -1
42 -1
43 -1
44 -1
45 -1
46 -1
47 -1
48 -1
49 -1
50 -1
51 -1
52 -1
53 -1
54 -1
55 -1
56 -1
57 -1
58 -1
59 -1
60 -1
61 -1
62 -1
63 -1
64 -1
65 -1
66 -1
67 -1
68 -1
69 -1
70 -1
71 -1
72 -1
73 -1
74 -1
75 -1
76 -1
77 -1
78 -1
79 -1
80 -1
81 -1
82 -1
83 -1
84 -1
85 -1
86 -1
87 -1
88 -1
89 -1
90 91 92 93 94 -1
95 -1
96 -1
97 -1
98 -1
99 -1
100 -1
101 -1
102 -1
103 -1
104 -1
